[www.meta-maniacs.de/ourwork.html]
[backblue.gif]
[fade.gif]
[index.html]
[uploads-ssl.webflow.com/6240418e5470d252171cded6/css/meta-maniacs.webflow.b1fbd9455.min.css]
[uploads-ssl.webflow.com/6240418e5470d252171cded6/6284f48ff5572b8595d815e5_MetaManiacs_M_lila_favicon.png]
[uploads-ssl.webflow.com/6240418e5470d252171cded6/6284f4bfbb1c4f18e59d8230_MetaManiacs_M_lila_256.png]
[cdn.cookie-script.com/s/056d1bd5de254d6f6e027a5b9e0421b7.js]
[cdn.jsdelivr.net/npm/@finsweet/attributes-cmsfilter@1/cmsfilter.js]
[cdn.jsdelivr.net/npm/@finsweet/attributes-cmssort@1/cmssort.js]
[www.meta-maniacs.de/index.html]
[www.meta-maniacs.de/projekte/portagon.html]
[uploads-ssl.webflow.com/62407646b3c79804f0d72276/628502119aab4948bd7c4da0_portagon_dashboard_teaser1.png]
[uploads-ssl.webflow.com/62407646b3c79804f0d72276/6285031975e2f60e2f59704e_portagon_vision_teaser2.png]
[uploads-ssl.webflow.com/62407646b3c79804f0d72276/62850354f25989980cc15552_portagon_key_graphic_teaser3.png]
[www.meta-maniacs.de/projekte/wellnest.html]
[uploads-ssl.webflow.com/6240418e5470d252171cded6/62850e9877bde7f78eee7ba3_arrow-right.svg]
[uploads-ssl.webflow.com/6240418e5470d252171cded6/62406e574554cc437b4c29b9_instagram-icon.svg]
[www.meta-maniacs.de/projekte/babyq.html]
[www.meta-maniacs.de/projekte/cobrainer.html]
[www.meta-maniacs.de/projekte/haus-der-backer.html]
[www.meta-maniacs.de/projekte/henkel.html]
[www.meta-maniacs.de/projekte/crealize.html]
[www.meta-maniacs.de/projekte/g-data.html]
[www.meta-maniacs.de/projekte/flixcheck.html]
[www.meta-maniacs.de/projekte/mediras.html]
[www.meta-maniacs.de/projekte/betasense.html]
[www.meta-maniacs.de/projekte/burda-news-for-our-planet.html]
[uploads-ssl.webflow.com/6240418e5470d252171cded6/62404e93692c28495b1e2654_m-Logo.svg]
[d3e54v103j8qbb.cloudfront.net/js/jquery-3.5.1.min.dc5e7f18c8f874.js]
[uploads-ssl.webflow.com/6240418e5470d252171cded6/js/webflow.8be33bd2a.js]
[unpkg.com/swiper/swiper-bundle.min.3e.delayed]
[www.meta-maniacs.de/ourwork.html]
[unpkg.com/swiper@8.3.2/swiper-bundle.min.js]
[uploads-ssl.webflow.com/6240418e5470d252171cded6/628e42709881bbff9c70bf6e_AGB_METAMANIACS.pdf]
[www.meta-maniacs.de/index.html]
[uploads-ssl.webflow.com/6240418e5470d252171cded6/6278c682bf9f5778e75f57ef_neu-white.svg]
[www.meta-maniacs.de/projekte/portagon.html]
[uploads-ssl.webflow.com/62407646b3c79804f0d72276/6242eef64ad485148cfc9f0c_projekt-detail-img.png]
[www.meta-maniacs.de/projekte/wellnest.html]
[uploads-ssl.webflow.com/62407646b3c79804f0d72276/628288962fa6bc79ecf11ffd_1defa3134873533.620d04906cd92.jpg]
[www.meta-maniacs.de/projekte/babyq.html]
[www.meta-maniacs.de/projekte/cobrainer.html]
[www.meta-maniacs.de/projekte/haus-der-backer.html]
[www.meta-maniacs.de/projekte/henkel.html]
[www.meta-maniacs.de/projekte/crealize.html]
[www.meta-maniacs.de/projekte/g-data.html]
[www.meta-maniacs.de/projekte/flixcheck.html]
[www.meta-maniacs.de/projekte/mediras.html]
[www.meta-maniacs.de/projekte/betasense.html]
[www.meta-maniacs.de/projekte/burda-news-for-our-planet.html]
[www.meta-maniacs.de/whatworks]
[www.meta-maniacs.de/whoworks]
[www.meta-maniacs.de/kontakt]
[www.meta-maniacs.de/_https_/uploads-ssl.webflow.com/62407646b3c79804f0d72276/628507011ce4115a320175d2_wellnest_whirlpool_hover.png_]
[www.meta-maniacs.de/_https_/uploads-ssl.webflow.com/62407646b3c79804f0d72276/6242de6ee4083c37ef5eb4e5_projekt-detail-img.svg_]
[www.meta-maniacs.de/_https_/uploads-ssl.webflow.com/62407646b3c79804f0d72276/6284f8f67deaadf06d05e29f_babyq_smartphone_hover.jpg_]
[www.meta-maniacs.de/_https_/uploads-ssl.webflow.com/62407646b3c79804f0d72276/6284f91ffde37760ea1ba1f2_babyq_smartphone_detail.jpg_]
[www.meta-maniacs.de/_https_/uploads-ssl.webflow.com/62407646b3c79804f0d72276/6284fe2747cbd16e23ba4ce3_syde_people_hover.png_]
[www.meta-maniacs.de/projekte/syde]
[www.meta-maniacs.de/_https_/uploads-ssl.webflow.com/62407646b3c79804f0d72276/6284fe2347cbd13cf6ba4ce2_syde_people_detail.png_]
[www.meta-maniacs.de/_https_/uploads-ssl.webflow.com/62407646b3c79804f0d72276/6284fdb8d0bc8f7eb4ff0095_cobrainer_hover.png_]
[www.meta-maniacs.de/_https_/uploads-ssl.webflow.com/62407646b3c79804f0d72276/6284fdbc2af32ec90dc5b16a_cobrainer_detail.png_]
[www.meta-maniacs.de/_https_/uploads-ssl.webflow.com/62407646b3c79804f0d72276/6284fde09c533d2e685c34a4_haus_der_Baecker_hover.png_]
[www.meta-maniacs.de/_https_/uploads-ssl.webflow.com/62407646b3c79804f0d72276/6284fdee7deaad852d0a37b5_haus_der_baecker_detail.html]
[www.meta-maniacs.de/_https_/uploads-ssl.webflow.com/62407646b3c79804f0d72276/6284fd7c9c533d538a5c33aa_henkel_podcast_hover.png_]
[www.meta-maniacs.de/_https_/uploads-ssl.webflow.com/62407646b3c79804f0d72276/6284fd75994cffa82f8888ee_henkel_podcast_detail.png_]
[www.meta-maniacs.de/_https_/uploads-ssl.webflow.com/62407646b3c79804f0d72276/6285025f2c16d96d7e69b266_crealize_logo_hover.png_]
[www.meta-maniacs.de/_https_/uploads-ssl.webflow.com/62407646b3c79804f0d72276/628d340a65dae4553812d1c5_crealize.png_]
[www.meta-maniacs.de/_https_/uploads-ssl.webflow.com/62407646b3c79804f0d72276/628502839a1dec0fa7ffbe1d_gdata_laptop_hover.png_]
[www.meta-maniacs.de/_https_/uploads-ssl.webflow.com/62407646b3c79804f0d72276/628502887bb8e451c303f156_gdata_laptop_detail.png_]
[www.meta-maniacs.de/_https_/uploads-ssl.webflow.com/62407646b3c79804f0d72276/628503847ff4be960fb7f1ed_Flixcheck_mobil_screen_hover.png_]
[www.meta-maniacs.de/_https_/uploads-ssl.webflow.com/62407646b3c79804f0d72276/62850387add4d954097f3aee_Flixcheck_mobil_screen_detail.png_]
[www.meta-maniacs.de/_https_/uploads-ssl.webflow.com/62407646b3c79804f0d72276/628502c0b198e2740c0bb4ba_mediras_cannabis_leaf_hover.png_]
[www.meta-maniacs.de/_https_/uploads-ssl.webflow.com/62407646b3c79804f0d72276/628502bb1ce411253d002f0c_mediras_cannabis_leaf_detail.png_]
[www.meta-maniacs.de/_https_/uploads-ssl.webflow.com/62407646b3c79804f0d72276/62828071796e2077ef491982_portagon_key-visual.png_]
[www.meta-maniacs.de/_https_/uploads-ssl.webflow.com/62407646b3c79804f0d72276/628503d2febda02c89b80b85_portagon_energy_detail.png_]
[www.meta-maniacs.de/_https_/uploads-ssl.webflow.com/62407646b3c79804f0d72276/628503ab4e1ce0599c218e87_workshop_betasense_hover.png_]
[www.meta-maniacs.de/_https_/uploads-ssl.webflow.com/62407646b3c79804f0d72276/628503a8cdd539bb010ce40b_workshop_betasense_detail.jpg_]
[www.meta-maniacs.de/_https_/uploads-ssl.webflow.com/62407646b3c79804f0d72276/62b9e36915e29cb122c51be1_climate_change_burda.png_]
[www.meta-maniacs.de/projekte/last-project]
[www.meta-maniacs.de/impressum.html]
[www.meta-maniacs.de/datenschutz.html]
[www.meta-maniacs.de/projekte/_https_/uploads-ssl.webflow.com/62407646b3c79804f0d72276/628503d2febda02c89b80b85_portagon_energy_detail.png_]
[www.meta-maniacs.de/projekte/_https_/uploads-ssl.webflow.com/62407646b3c79804f0d72276/628502c0b198e2740c0bb4ba_mediras_cannabis_leaf_hover.png_]
[www.meta-maniacs.de/projekte/_https_/uploads-ssl.webflow.com/62407646b3c79804f0d72276/6284fdb8d0bc8f7eb4ff0095_cobrainer_hover.png_]
[www.meta-maniacs.de/projekte/_https_/uploads-ssl.webflow.com/62407646b3c79804f0d72276/628502839a1dec0fa7ffbe1d_gdata_laptop_hover.png_]
[www.meta-maniacs.de/projekte/_https_/uploads-ssl.webflow.com/62407646b3c79804f0d72276/6284f8f67deaadf06d05e29f_babyq_smartphone_hover.jpg_]
[www.meta-maniacs.de/projekte/_https_/uploads-ssl.webflow.com/62407646b3c79804f0d72276/6284fde09c533d2e685c34a4_haus_der_Baecker_hover.png_]
[www.meta-maniacs.de/projekte/_https_/uploads-ssl.webflow.com/62407646b3c79804f0d72276/6242de6ee4083c37ef5eb4e5_projekt-detail-img.svg_]
[www.meta-maniacs.de/projekte/_https_/uploads-ssl.webflow.com/62407646b3c79804f0d72276/6285025f2c16d96d7e69b266_crealize_logo_hover.png_]
[www.meta-maniacs.de/projekte/_https_/uploads-ssl.webflow.com/62407646b3c79804f0d72276/6284fe2747cbd16e23ba4ce3_syde_people_hover.png_]
[www.meta-maniacs.de/projekte/_https_/uploads-ssl.webflow.com/62407646b3c79804f0d72276/628503847ff4be960fb7f1ed_Flixcheck_mobil_screen_hover.png_]
[www.meta-maniacs.de/projekte/_https_/uploads-ssl.webflow.com/62407646b3c79804f0d72276/6284fd7c9c533d538a5c33aa_henkel_podcast_hover.png_]
[www.meta-maniacs.de/projekte/_https_/uploads-ssl.webflow.com/62407646b3c79804f0d72276/6284f91ffde37760ea1ba1f2_babyq_smartphone_detail.html]
[www.meta-maniacs.de/projekte/_https_/uploads-ssl.webflow.com/62407646b3c79804f0d72276/628503ab4e1ce0599c218e87_workshop_betasense_hover.png_]
[www.meta-maniacs.de/projekte/_https_/uploads-ssl.webflow.com/62407646b3c79804f0d72276/628507011ce4115a320175d2_wellnest_whirlpool_hover.html]
[www.meta-maniacs.de/projekte/_https_/uploads-ssl.webflow.com/62407646b3c79804f0d72276/6284fdbc2af32ec90dc5b16a_cobrainer_detail.png_]
[www.meta-maniacs.de/projekte/_https_/uploads-ssl.webflow.com/62407646b3c79804f0d72276/62828071796e2077ef491982_portagon_key-visual.png_]
[www.meta-maniacs.de/projekte/_https_/uploads-ssl.webflow.com/62407646b3c79804f0d72276/6284fdee7deaad852d0a37b5_haus_der_baecker_detail.png_]
[www.meta-maniacs.de/projekte/_https_/uploads-ssl.webflow.com/62407646b3c79804f0d72276/6284fd75994cffa82f8888ee_henkel_podcast_detail.html]
[www.meta-maniacs.de/projekte/_https_/uploads-ssl.webflow.com/62407646b3c79804f0d72276/628d340a65dae4553812d1c5_crealize.png_]
[www.meta-maniacs.de/projekte/_https_/uploads-ssl.webflow.com/62407646b3c79804f0d72276/628502887bb8e451c303f156_gdata_laptop_detail.png_]
[www.meta-maniacs.de/projekte/_https_/uploads-ssl.webflow.com/62407646b3c79804f0d72276/62850387add4d954097f3aee_Flixcheck_mobil_screen_detail.png_]
[www.meta-maniacs.de/projekte/_https_/uploads-ssl.webflow.com/62407646b3c79804f0d72276/62b9e36915e29cb122c51be1_climate_change_burda.png_]
[www.meta-maniacs.de/projekte/_https_/uploads-ssl.webflow.com/62407646b3c79804f0d72276/628502bb1ce411253d002f0c_mediras_cannabis_leaf_detail.png_]
[www.meta-maniacs.de/projekte/_https_/uploads-ssl.webflow.com/62407646b3c79804f0d72276/628503a8cdd539bb010ce40b_workshop_betasense_detail.jpg_]
[cdn.cookie-script.com/s/056d1bd5de254d6f6e027a5b9e0421b7.js]
[uploads-ssl.webflow.com/6240418e5470d252171cded6/css/meta-maniacs.webflow.b1fbd9455.min.css]
[d3e54v103j8qbb.cloudfront.net/js/jquery-3.5.1.min.dc5e7f18c8f874.js]
[unpkg.com/swiper@8.3.2/swiper-bundle.min.js]
[uploads-ssl.webflow.com/5db2e8f6b44d610f91587fe2/5dd34e55740f6130cc7be66d_arrow_light.svg]
[uploads-ssl.webflow.com/5db2e8f6b44d610f91587fe2/5dd34dd258fd7f8a8fcb6c5f_left-arrow.svg]
[uploads-ssl.webflow.com/6240418e5470d252171cded6/6242ccd180c173828b204e6d_close.svg]
[uploads-ssl.webflow.com/6240418e5470d252171cded6/62850e9877bde7f78eee7ba3_arrow-right.svg]
[uploads-ssl.webflow.com/6240418e5470d252171cded6/62408625929c0385cd131178_cross-icon.svg]
[uploads-ssl.webflow.com/6240418e5470d252171cded6/62406e574554cc437b4c29b9_instagram-icon.svg]
[uploads-ssl.webflow.com/6240418e5470d252171cded6/62406f126cb1d8ac68a42b6e_linkedin-icon.svg]
[uploads-ssl.webflow.com/6240418e5470d252171cded6/62404e93692c28495b1e2654_m-Logo.svg]
[uploads-ssl.webflow.com/6240418e5470d252171cded6/6278c682bf9f5778e75f57ef_neu-white.svg]
[d3e54v103j8qbb.cloudfront.net/static/custom-checkbox-checkmark.589d534424.svg]
[www.meta-maniacs.de/impressum.html]
[www.meta-maniacs.de/projekte/_https_/uploads-ssl.webflow.com/62407646b3c79804f0d72276/6285025f2c16d96d7e69b266_crealize_logo_hover.png_]
[www.meta-maniacs.de/projekte/_https_/uploads-ssl.webflow.com/62407646b3c79804f0d72276/628503ab4e1ce0599c218e87_workshop_betasense_hover.png_]
