[www.anesvad.org/por-que-existimos/index.html]
[backblue.gif]
[fade.gif]
[index.html]
[www.anesvad.org/wp-content/cache/asset-cleanup/css/head-3ae90c8feddae881c960d4b3742a96ce6b4c28d6.css]
[js.hs-scripts.com/index.html]
[use.fontawesome.com/releases/v5.4.1/css/allf259.css]
[www.google.com/index.html]
[www.anesvad.org/eu/existitzen-garelako/index.html]
[www.google.com/recaptcha/api3b39.js]
[use.fontawesome.com/index.html]
[www.anesvad.org/wp-content/cache/asset-cleanup/js/head-0ab82d7d02a8630b647d06a87e8fc2c920c9e1b7.js]
[www.anesvad.org/en/why-we-exist/index.html]
[www.anesvad.org/wp-json/wp/v2/pages/3599.json]
[www.anesvad.org/wp-json/oembed/1.0/embed333a.json]
[www.anesvad.org/wp-json/index.html]
[www.anesvad.org/wp-json/oembed/1.0/embede5af]
[www.anesvad.org/wp-content/uploads/2022/03/cropped-d-fundacion-anesvad-32x32.jpg]
[www.anesvad.org/wp-content/uploads/2022/03/cropped-d-fundacion-anesvad-192x192.jpg]
[www.anesvad.org/wp-content/uploads/2022/03/cropped-d-fundacion-anesvad-180x180.jpg]
[www.anesvad.org/wp-content/themes/woko/img/fundacion-anesvad-logo-negro.png]
[www.anesvad.org/wp-content/themes/woko/img/fundacion-anesvad-logo-blanco.png]
[www.anesvad.org/wp-content/uploads/2022/07/somos-imagen-450.jpg]
[www.anesvad.org/wp-content/uploads/2022/07/Hacemos-terreno-fundacion-anesvad-450.jpg]
[www.anesvad.org/wp-content/uploads/2022/07/Involucrate-fundacion-anesvad-450.jpg]
[www.anesvad.org/wp-content/themes/woko/img/recortes/cabecera-somos-inferior.svg]
[www.anesvad.org/wp-content/uploads/2021/11/estamos-donde-nadie-esta.jpg]
[www.anesvad.org/wp-content/uploads/2021/11/sanidad-universal-derecho-no-privilegio-743x1024.jpg]
[www.anesvad.org/wp-content/uploads/2021/10/origines-anesvad-bilbao.jpg]
[www.anesvad.org/wp-content/uploads/2021/10/lepra-filipinas-anesvad.jpg]
[www.anesvad.org/wp-content/uploads/2021/10/trata-anesvad.jpg]
[www.anesvad.org/wp-content/uploads/2021/10/salud-anesvad.jpg]
[www.anesvad.org/wp-content/uploads/2021/10/africa-subsahariana-anesvad.jpg]
[www.anesvad.org/wp-content/themes/woko/img/recortes/azul-superior.svg]
[www.anesvad.org/wp-content/uploads/2022/01/Equipo-Fundacion-Anesvad.jpg]
[www.anesvad.org/wp-content/themes/woko/img/objetivos-desarrollo-sostenible.svg]
[www.anesvad.org/wp-content/themes/woko/img/anesvad-logotipo-unpri.png]
[www.anesvad.org/wp-content/themes/woko/img/anesvad-coordinadora-ongd-evaluada.png]
[www.anesvad.org/wp-content/themes/woko/img/diploma-gestion-avanzada-anesvad.png]
[www.anesvad.org/wp-content/themes/woko/img/fundacion-anesvad-logo-footer-blanco.svg]
[www.anesvad.org/wp-content/plugins/ct-ultimate-gdpr/assets/css/images/block-all.svg]
[www.anesvad.org/wp-content/plugins/ct-ultimate-gdpr/assets/css/images/essential.svg]
[www.anesvad.org/wp-content/plugins/ct-ultimate-gdpr/assets/css/images/functionality.svg]
[www.anesvad.org/wp-content/plugins/ct-ultimate-gdpr/assets/css/images/statistics.svg]
[www.anesvad.org/wp-content/plugins/ct-ultimate-gdpr/assets/css/images/targeting.svg]
[js.hs-scripts.com/51279843109.js]
[www.anesvad.org/por-que-existimos/index.html]
[www.anesvad.org/wp-content/cache/asset-cleanup/js/body-311231fbef47e8ead5cf2ecc39bd282b15df1cf4.js]
[use.fontawesome.com/releases/v5.4.1/css/alle351.css]
[www.google.com/recaptcha/api0eec.js]
[www.anesvad.org/wp-content/cache/asset-cleanup/js/head-96c69cfbec163ea26ab4be439cce4987abc84c7f.js]
[www.anesvad.org/eu/wp-json/wp/v2/pages/8689.json]
[www.anesvad.org/eu/wp-json/index.html]
[www.anesvad.org/eu/wp-json/oembed/1.0/embed7af2.json]
[www.anesvad.org/eu/wp-json/oembed/1.0/embed30cd]
[www.anesvad.org/wp-content/uploads/2021/11/somos-imagen.jpg]
[www.anesvad.org/wp-content/uploads/2021/12/Hacemos-terreno-fundacion-anesvad.jpg]
[www.anesvad.org/eu/existitzen-garelako/index.html]
[www.anesvad.org/wp-content/cache/asset-cleanup/js/body-7cb1d80c7e977655947ec070eb7f287d9d16185c.js]
[use.fontawesome.com/releases/v5.4.1/css/all3a16.css]
[www.google.com/recaptcha/api4783.js]
[www.anesvad.org/wp-content/cache/asset-cleanup/js/head-ed6d51d64876fc80ec1114fadeffb5d7d0cd4d35.js]
[www.anesvad.org/en/wp-json/wp/v2/pages/8597.json]
[www.anesvad.org/en/wp-json/index.html]
[www.anesvad.org/en/wp-json/oembed/1.0/embed1d90.json]
[www.anesvad.org/en/wp-json/oembed/1.0/embed9c84]
[www.anesvad.org/wp-content/uploads/2021/12/Involucrate-fundacion-anesvad.jpg]
[www.anesvad.org/en/why-we-exist/index.html]
[js.hs-scripts.com/index.html]
[www.anesvad.org/wp-content/cache/asset-cleanup/js/body-46d08f40705cbe84e62af49e712c03827aa6e27d.js]
[ssl.gstatic.com/gb/images/b_8d5afc09.png]
[ssl.gstatic.com/s2/oz/images/stars/x.png]
[www.google.com/imghp5881.html]
[www.google.com/images/branding/googlelogo/1x/googlelogo_white_background_color_272x92dp.png]
[www.google.com/index.html]
[use.fontawesome.com/index.html]
[www.google.com/intl/en/policies/privacy/index.html]
[www.google.com/intl/en/policies/terms/index.html]
[www.google.com/imghpee58.html]
[www.google.com/intl/en_ALL/images/branding/googlelogo/1x/googlelogo_white_background_color_272x92dp.png]
[www.google.com/advanced_image_search61d6.html]
[www.google.com/imghp5881.html]
[www.google.com/mobile/indexdd9a.html]
[www.google.com/intl/en/ads/index.html]
[www.google.com/services/index.html]
[www.google.com/intl/en/about/index.html]
[www.google.com/intl/en/policies/privacy/index.html]
[www.google.com/intl/en/policies/terms/index.html]
[www.google.com/imghpee58.html]
[www.google.com/mobile/index23e2.html]
[ssl.gstatic.com/ui/v1/colorpicker/checkmark.png]
[www.gstatic.com/images/branding/googlelogo/svg/googlelogo_clr_74x24px.svg]
[www.gstatic.com/images/branding/googlelogo/svg/googlelogo_light_clr_74x24px.svg]
[www.gstatic.com/images/branding/googlelogo/svg/googlelogo_dark_clr_74x24px.svg]
[www.google.com/webhpee58.html]
[www.google.com/images/hpp/gsa_super_g-64.gif]
[www.google.com/advanced_image_search61d6.html]
[www.google.com/intl/en/policies/privacy/curl.html]
[www.google.com/intl/en/policies/terms/curl.html]
[www.google.com/Edg/index.html]
[www.google.com/+/index.html]
[www.google.com/webhpee58.html]
[www.google.com/recaptcha/api3b39.js]
[www.anesvad.org/wp-json/index.html]
[www.anesvad.org/wp-content/cache/asset-cleanup/js/head-0ab82d7d02a8630b647d06a87e8fc2c920c9e1b7.js]
[www.anesvad.org/wp-content/plugins/ct-ultimate-gdpr/assets/css/fonts/font-awesome/fonts/fontawesome-webfont3e6e.svg]
[www.anesvad.org/wp-content/uploads/2022/03/cropped-d-fundacion-anesvad-32x32.jpg]
[www.anesvad.org/wp-json/oembed/1.0/embede5af]
[www.anesvad.org/wp-json/oembed/1.0/embed333a.json]
[www.anesvad.org/wp-json/wp/v2/pages/3599.json]
[www.anesvad.org/wp-content/uploads/2021/11/sanidad-universal-derecho-no-privilegio-743x1024.jpg]
[www.anesvad.org/wp-content/uploads/2021/10/origines-anesvad-bilbao.jpg]
[www.anesvad.org/wp-content/uploads/2021/11/estamos-donde-nadie-esta.jpg]
[www.anesvad.org/wp-content/uploads/2021/10/lepra-filipinas-anesvad.jpg]
[www.anesvad.org/wp-content/themes/woko/img/cerrar.svg]
[www.anesvad.org/wp-content/cache/asset-cleanup/css/head-3ae90c8feddae881c960d4b3742a96ce6b4c28d6.css]
[www.anesvad.org/wp-content/uploads/2021/10/salud-anesvad.jpg]
[www.anesvad.org/wp-content/uploads/2021/10/trata-anesvad.jpg]
[www.anesvad.org/wp-content/uploads/2021/10/africa-subsahariana-anesvad.jpg]
[www.anesvad.org/wp-content/uploads/2022/01/Equipo-Fundacion-Anesvad.jpg]
[www.google.com/recaptcha/api0eec.js]
[use.fontawesome.com/releases/v5.4.1/webfonts/fa-brands-400.svg]
[www.anesvad.org/wp-content/cache/asset-cleanup/js/body-311231fbef47e8ead5cf2ecc39bd282b15df1cf4.js]
[www.anesvad.org/eu/wp-json/index.html]
[www.anesvad.org/wp-content/cache/asset-cleanup/js/head-96c69cfbec163ea26ab4be439cce4987abc84c7f.js]
[www.anesvad.org/eu/wp-json/wp/v2/pages/8689.json]
[www.anesvad.org/eu/wp-json/oembed/1.0/embed30cd]
[www.anesvad.org/wp-content/uploads/2021/11/somos-imagen.jpg]
[www.anesvad.org/eu/wp-json/oembed/1.0/embed7af2.json]
[www.google.com/recaptcha/api4783.js]
[use.fontawesome.com/releases/v5.4.1/webfonts/fa-regular-400.svg]
[www.anesvad.org/wp-content/uploads/2021/12/Hacemos-terreno-fundacion-anesvad.jpg]
[www.anesvad.org/wp-content/cache/asset-cleanup/js/body-7cb1d80c7e977655947ec070eb7f287d9d16185c.js]
[use.fontawesome.com/releases/v5.4.1/css/allf259.css]
[www.anesvad.org/en/wp-json/index.html]
[www.anesvad.org/wp-content/cache/asset-cleanup/js/head-ed6d51d64876fc80ec1114fadeffb5d7d0cd4d35.js]
[www.anesvad.org/wp-content/uploads/2021/12/Involucrate-fundacion-anesvad.jpg]
[www.googletagmanager.com/gtm5445.html]
[www.anesvad.org/en/wp-json/wp/v2/pages/8597.json]
[www.anesvad.org/en/wp-json/oembed/1.0/embed1d90.json]
[www.anesvad.org/en/wp-json/oembed/1.0/embed9c84]
[www.anesvad.org/wp-content/themes/woko/img/recortes/cabecera-somos-inferior.svg]
[www.anesvad.org/wp-content/themes/woko/img/recortes/azul-superior.svg]
[www.anesvad.org/wp-content/themes/woko/img/objetivos-desarrollo-sostenible.svg]
[www.anesvad.org/wp-content/themes/woko/img/fundacion-anesvad-logo-footer-blanco.svg]
[www.anesvad.org/wp-content/plugins/ct-ultimate-gdpr/assets/css/images/block-all.svg]
[www.anesvad.org/wp-content/plugins/ct-ultimate-gdpr/assets/css/images/essential.svg]
[www.anesvad.org/wp-content/plugins/ct-ultimate-gdpr/assets/css/images/functionality.svg]
[www.anesvad.org/wp-content/plugins/ct-ultimate-gdpr/assets/css/images/statistics.svg]
[www.anesvad.org/wp-content/plugins/ct-ultimate-gdpr/assets/css/images/targeting.svg]
[use.fontawesome.com/releases/v5.4.1/css/alle351.css]
[use.fontawesome.com/releases/v5.4.1/css/all3a16.css]
[www.anesvad.org/wp-content/cache/asset-cleanup/js/body-46d08f40705cbe84e62af49e712c03827aa6e27d.js]
[ssl.gstatic.com/gb/images/b_8d5afc09.png]
[www.google.com/advanced_image_search61d6.html]
[www.google.com/gci_91f30755d6a6b787dcc2a4062e6e9824.html]
[www.gstatic.com/images/branding/googlelogo/svg/googlelogo_clr_74x24px.svg]
[www.gstatic.com/images/branding/googlelogo/svg/googlelogo_light_clr_74x24px.svg]
[www.gstatic.com/images/branding/googlelogo/svg/googlelogo_dark_clr_74x24px.svg]
[www.google.com/gbar.html]
[www.anesvad.org/wp-content/plugins/ct-ultimate-gdpr/assets/css/fonts/font-awesome/fonts/fontawesome-webfont3e6e.svg]
[www.anesvad.org/wp-content/themes/woko/img/tick-azul.svg]
[www.anesvad.org/wp-content/themes/woko/img/cerrar.svg]
[use.fontawesome.com/releases/v5.4.1/webfonts/fa-brands-400.svg]
[use.fontawesome.com/releases/v5.4.1/webfonts/fa-regular-400.svg]
[use.fontawesome.com/releases/v5.4.1/webfonts/fa-solid-900.html]
[use.fontawesome.com/releases/v5.4.1/webfonts/fa-solid-900.html]
